2026-07-30 02:36:58,333 - vyrtuous.system.logger - INFO - Backup completed successfully.
2026-07-30 02:36:58,335 - vyrtuous.system.logger - INFO - Selected entry from active_text_mutes.
2026-07-30 02:36:58,335 - vyrtuous.system.logger - INFO - Cleaned up expired text-mutes.
2026-07-30 02:36:58,335 - vyrtuous.system.logger - INFO - Selected entry from active_members.
2026-07-30 02:36:58,335 - vyrtuous.system.logger - INFO - Populated in-memory active members.
2026-07-30 02:36:58,336 - vyrtuous.system.logger - INFO - Selected entry from active_voice_mutes.
2026-07-30 02:36:58,336 - vyrtuous.system.logger - INFO - Cleaned up expired voice-mutes.
2026-07-30 02:36:58,336 - vyrtuous.system.logger - INFO - Selected entry from active_automute_channels.
2026-07-30 02:36:58,336 - vyrtuous.system.logger - INFO - Cleaned up expired automute channels.
2026-07-30 02:36:58,336 - vyrtuous.system.logger - INFO - Selected entry from active_bans.
2026-07-30 02:36:58,336 - vyrtuous.system.logger - INFO - Selected entry from active_bans.
2026-07-30 02:36:58,336 - vyrtuous.system.logger - INFO - Cleaned up expired bans.
2026-07-30 02:36:58,336 - vyrtuous.system.logger - INFO - Selected entry from active_members.
2026-07-30 02:36:58,336 - vyrtuous.system.logger - INFO - Saved active members.
2026-07-30 02:36:58,336 - vyrtuous.system.logger - INFO - Selected entry from active_flags.
2026-07-30 02:36:58,408 - vyrtuous.system.logger - INFO - Selected entry from active_text_mutes.
2026-07-30 02:36:58,408 - vyrtuous.system.logger - INFO - Reset ban and text-mute overwrites.
2026-07-30 02:36:58,571 - vyrtuous.system.logger - INFO - Backup completed successfully.
2026-07-30 02:36:58,571 - vyrtuous.system.logger - INFO - Backup completed successfully.
2026-07-30 02:36:58,573 - vyrtuous.system.logger - INFO - Selected entry from active_members.
2026-07-30 02:36:58,573 - vyrtuous.system.logger - INFO - Selected entry from active_members.
2026-07-30 02:36:58,573 - vyrtuous.system.logger - INFO - Populated in-memory active members.
2026-07-30 02:36:58,573 - vyrtuous.system.logger - INFO - Populated in-memory active members.
2026-07-30 02:36:58,573 - vyrtuous.system.logger - INFO - Selected entry from active_voice_mutes.
2026-07-30 02:36:58,573 - vyrtuous.system.logger - INFO - Selected entry from active_voice_mutes.
2026-07-30 02:36:58,573 - vyrtuous.system.logger - INFO - Cleaned up expired voice-mutes.
2026-07-30 02:36:58,573 - vyrtuous.system.logger - INFO - Cleaned up expired voice-mutes.
2026-07-30 02:36:58,573 - vyrtuous.system.logger - INFO - Selected entry from active_automute_channels.
2026-07-30 02:36:58,573 - vyrtuous.system.logger - INFO - Selected entry from active_automute_channels.
2026-07-30 02:36:58,573 - vyrtuous.system.logger - INFO - Cleaned up expired automute channels.
2026-07-30 02:36:58,573 - vyrtuous.system.logger - INFO - Cleaned up expired automute channels.
2026-07-30 02:36:58,573 - vyrtuous.system.logger - INFO - Selected entry from active_bans.
2026-07-30 02:36:58,573 - vyrtuous.system.logger - INFO - Selected entry from active_bans.
2026-07-30 02:36:58,573 - vyrtuous.system.logger - INFO - Selected entry from active_text_mutes.
2026-07-30 02:36:58,573 - vyrtuous.system.logger - INFO - Selected entry from active_text_mutes.
2026-07-30 02:36:58,573 - vyrtuous.system.logger - INFO - Cleaned up expired text-mutes.
2026-07-30 02:36:58,573 - vyrtuous.system.logger - INFO - Cleaned up expired text-mutes.
2026-07-30 02:36:58,573 - vyrtuous.system.logger - INFO - Selected entry from active_members.
2026-07-30 02:36:58,573 - vyrtuous.system.logger - INFO - Selected entry from active_members.
2026-07-30 02:36:58,573 - vyrtuous.system.logger - INFO - Saved active members.
2026-07-30 02:36:58,573 - vyrtuous.system.logger - INFO - Saved active members.
2026-07-30 02:36:58,573 - vyrtuous.system.logger - INFO - Selected entry from active_bans.
2026-07-30 02:36:58,573 - vyrtuous.system.logger - INFO - Selected entry from active_bans.
2026-07-30 02:36:58,573 - vyrtuous.system.logger - INFO - Cleaned up expired bans.
2026-07-30 02:36:58,573 - vyrtuous.system.logger - INFO - Cleaned up expired bans.
2026-07-30 02:36:58,574 - vyrtuous.system.logger - INFO - Selected entry from active_flags.
2026-07-30 02:36:58,574 - vyrtuous.system.logger - INFO - Selected entry from active_flags.
2026-07-30 02:36:58,625 - vyrtuous.system.logger - INFO - Selected entry from active_text_mutes.
2026-07-30 02:36:58,625 - vyrtuous.system.logger - INFO - Selected entry from active_text_mutes.
2026-07-30 02:36:58,625 - vyrtuous.system.logger - INFO - Reset ban and text-mute overwrites.
2026-07-30 02:36:58,625 - vyrtuous.system.logger - INFO - Reset ban and text-mute overwrites.
